ECA configuration done for 11 IO(s)!
Waiting for timing events...
ECA configuration done for 11 IO(s)!
Waiting for timing events...
sh: /usr/bin/xauth: not found
sh: /usr/bin/xauth: not found
sh: /usr/bin/xauth: not found
sh: /usr/bin/xauth: not found
sh: /usr/bin/xauth: not found
sh: /usr/bin/xauth: not found
sh: /usr/bin/xauth: not found
sh: /usr/bin/xauth: not found
sh: /usr/bin/xauth: not found
sh: /usr/bin/xauth: not found
sh: /usr/bin/xauth: not found
sh: /usr/bin/xauth: not found
sh: /usr/bin/xauth: not found
sh: /usr/bin/xauth: not found
sh: /usr/bin/xauth: not found
sh: /usr/bin/xauth: not found
sh: /usr/bin/xauth: not found
sh: /usr/bin/xauth: not found
sh: /usr/bin/xauth: not found
sh: /usr/bin/xauth: not found
sh: /usr/bin/xauth: not found
sh: /usr/bin/xauth: not found
sh: /usr/bin/xauth: not found
sh: /usr/bin/xauth: not found
sh: /usr/bin/xauth: not found
sh: /usr/bin/xauth: not found
sh: /usr/bin/xauth: not found
sh: /usr/bin/xauth: not found
sh: /usr/bin/xauth: not found
sh: /usr/bin/xauth: not found
sh: /usr/bin/xauth: not found
sh: /usr/bin/xauth: not found
sh: /usr/bin/xauth: not found
sh: /usr/bin/xauth: not found
sh: /usr/bin/xauth: not found
sh: /usr/bin/xauth: not found
sh: /usr/bin/xauth: not found
sh: /usr/bin/xauth: not found
sh: /usr/bin/xauth: not found
sh: /usr/bin/xauth: not found
sh: /usr/bin/xauth: not found
sh: /usr/bin/xauth: not found
sh: /usr/bin/xauth: not found
sh: /usr/bin/xauth: not found
